[0.240s] DEBUG:colcon:Command line arguments: ['/usr/bin/colcon', 'build']
[0.240s] DEBUG:colcon:Parsed command line arguments: Namespace(log_base=None, log_level=None, verb_name='build', build_base='build', install_base='install', merge_install=False, symlink_install=False, test_result_base=None, continue_on_error=False, executor='parallel', parallel_workers=8, event_handlers=None, ignore_user_meta=False, metas=['./colcon.meta'], base_paths=['.'], packages_ignore=None, packages_ignore_regex=None, paths=None, packages_up_to=None, packages_up_to_regex=None, packages_above=None, packages_above_and_dependencies=None, packages_above_depth=None, packages_select_by_dep=None, packages_skip_by_dep=None, packages_skip_up_to=None, packages_select_build_failed=False, packages_skip_build_finished=False, packages_select_test_failures=False, packages_skip_test_passed=False, packages_select=None, packages_skip=None, packages_select_regex=None, packages_skip_regex=None, packages_start=None, packages_end=None, cmake_args=None, cmake_target=None, cmake_target_skip_unavailable=False, cmake_clean_cache=False, cmake_clean_first=False, cmake_force_configure=False, ament_cmake_args=None, catkin_cmake_args=None, catkin_skip_building_tests=False, mixin_files=None, mixin=None, verb_parser=<colcon_mixin.mixin.mixin_argument.MixinArgumentDecorator object at 0x76a37ca17be0>, verb_extension=<colcon_core.verb.build.BuildVerb object at 0x76a37cbd5570>, main=<bound method BuildVerb.main of <colcon_core.verb.build.BuildVerb object at 0x76a37cbd5570>>, mixin_verb=('build',))
[0.387s] Level 1:colcon.colcon_core.package_discovery:discover_packages(colcon_meta) check parameters
[0.389s] INFO:colcon.colcon_metadata.package_discovery.colcon_meta:Using configuration from '/root/.colcon/metadata/default/Gazebo.meta'
[0.389s] INFO:colcon.colcon_metadata.package_discovery.colcon_meta:Using configuration from '/root/.colcon/metadata/default/fastdds.meta'
[0.389s] INFO:colcon.colcon_metadata.package_discovery.colcon_meta:Using configuration from '/root/.colcon/metadata/default/fastrtps.meta'
[0.390s] Level 1:colcon.colcon_core.package_discovery:discover_packages(recursive) check parameters
[0.390s] Level 1:colcon.colcon_core.package_discovery:discover_packages(ignore) check parameters
[0.390s] Level 1:colcon.colcon_core.package_discovery:discover_packages(path) check parameters
[0.390s] Level 1:colcon.colcon_core.package_discovery:discover_packages(colcon_meta) discover
[0.390s] Level 1:colcon.colcon_core.package_discovery:discover_packages(recursive) discover
[0.390s] INFO:colcon.colcon_core.package_discovery:Crawling recursively for packages in '/app/project_ws/src/eq2_ros'
[0.390s] Level 1:colcon.colcon_core.package_identification:_identify(.) by extensions ['ignore', 'ignore_ament_install']
[0.390s] Level 1:colcon.colcon_core.package_identification:_identify(.) by extension 'ignore'
[0.390s] Level 1:colcon.colcon_core.package_identification:_identify(.) by extension 'ignore_ament_install'
[0.390s] Level 1:colcon.colcon_core.package_identification:_identify(.) by extensions ['colcon_pkg']
[0.390s] Level 1:colcon.colcon_core.package_identification:_identify(.) by extension 'colcon_pkg'
[0.390s] Level 1:colcon.colcon_core.package_identification:_identify(.) by extensions ['colcon_meta']
[0.390s] Level 1:colcon.colcon_core.package_identification:_identify(.) by extension 'colcon_meta'
[0.390s] Level 1:colcon.colcon_core.package_identification:_identify(.) by extensions ['ros']
[0.390s] Level 1:colcon.colcon_core.package_identification:_identify(.) by extension 'ros'
[0.414s] Level 1:colcon.colcon_core.package_identification:_identify(.) by extensions ['cmake', 'python']
[0.414s] Level 1:colcon.colcon_core.package_identification:_identify(.) by extension 'cmake'
[0.414s] Level 1:colcon.colcon_core.package_identification:_identify(.) by extension 'python'
[0.414s] Level 1:colcon.colcon_core.package_identification:_identify(.) by extensions ['python_setup_py']
[0.414s] Level 1:colcon.colcon_core.package_identification:_identify(.) by extension 'python_setup_py'
[0.414s] Level 1:colcon.colcon_core.package_identification:_identify(build) by extensions ['ignore', 'ignore_ament_install']
[0.414s] Level 1:colcon.colcon_core.package_identification:_identify(build) by extension 'ignore'
[0.414s] Level 1:colcon.colcon_core.package_identification:_identify(build) ignored
[0.414s] Level 1:colcon.colcon_core.package_identification:_identify(eq2_ros) by extensions ['ignore', 'ignore_ament_install']
[0.414s] Level 1:colcon.colcon_core.package_identification:_identify(eq2_ros) by extension 'ignore'
[0.414s] Level 1:colcon.colcon_core.package_identification:_identify(eq2_ros) by extension 'ignore_ament_install'
[0.414s] Level 1:colcon.colcon_core.package_identification:_identify(eq2_ros) by extensions ['colcon_pkg']
[0.415s] Level 1:colcon.colcon_core.package_identification:_identify(eq2_ros) by extension 'colcon_pkg'
[0.415s] Level 1:colcon.colcon_core.package_identification:_identify(eq2_ros) by extensions ['colcon_meta']
[0.415s] Level 1:colcon.colcon_core.package_identification:_identify(eq2_ros) by extension 'colcon_meta'
[0.415s] Level 1:colcon.colcon_core.package_identification:_identify(eq2_ros) by extensions ['ros']
[0.415s] Level 1:colcon.colcon_core.package_identification:_identify(eq2_ros) by extension 'ros'
[0.415s] Level 1:colcon.colcon_core.package_identification:_identify(eq2_ros) by extensions ['cmake', 'python']
[0.415s] Level 1:colcon.colcon_core.package_identification:_identify(eq2_ros) by extension 'cmake'
[0.415s] Level 1:colcon.colcon_core.package_identification:_identify(eq2_ros) by extension 'python'
[0.415s] Level 1:colcon.colcon_core.package_identification:_identify(eq2_ros) by extensions ['python_setup_py']
[0.415s] Level 1:colcon.colcon_core.package_identification:_identify(eq2_ros) by extension 'python_setup_py'
[0.415s] Level 1:colcon.colcon_core.package_identification:_identify(eq2_ros/fs1) by extensions ['ignore', 'ignore_ament_install']
[0.415s] Level 1:colcon.colcon_core.package_identification:_identify(eq2_ros/fs1) by extension 'ignore'
[0.415s] Level 1:colcon.colcon_core.package_identification:_identify(eq2_ros/fs1) by extension 'ignore_ament_install'
[0.415s] Level 1:colcon.colcon_core.package_identification:_identify(eq2_ros/fs1) by extensions ['colcon_pkg']
[0.415s] Level 1:colcon.colcon_core.package_identification:_identify(eq2_ros/fs1) by extension 'colcon_pkg'
[0.415s] Level 1:colcon.colcon_core.package_identification:_identify(eq2_ros/fs1) by extensions ['colcon_meta']
[0.415s] Level 1:colcon.colcon_core.package_identification:_identify(eq2_ros/fs1) by extension 'colcon_meta'
[0.415s] Level 1:colcon.colcon_core.package_identification:_identify(eq2_ros/fs1) by extensions ['ros']
[0.415s] Level 1:colcon.colcon_core.package_identification:_identify(eq2_ros/fs1) by extension 'ros'
[0.415s] Level 1:colcon.colcon_core.package_identification:_identify(eq2_ros/fs1) by extensions ['cmake', 'python']
[0.415s] Level 1:colcon.colcon_core.package_identification:_identify(eq2_ros/fs1) by extension 'cmake'
[0.415s] Level 1:colcon.colcon_core.package_identification:_identify(eq2_ros/fs1) by extension 'python'
[0.415s] Level 1:colcon.colcon_core.package_identification:_identify(eq2_ros/fs1) by extensions ['python_setup_py']
[0.415s] Level 1:colcon.colcon_core.package_identification:_identify(eq2_ros/fs1) by extension 'python_setup_py'
[0.416s] Level 1:colcon.colcon_core.package_identification:_identify(eq2_ros/src) by extensions ['ignore', 'ignore_ament_install']
[0.416s] Level 1:colcon.colcon_core.package_identification:_identify(eq2_ros/src) by extension 'ignore'
[0.416s] Level 1:colcon.colcon_core.package_identification:_identify(eq2_ros/src) by extension 'ignore_ament_install'
[0.416s] Level 1:colcon.colcon_core.package_identification:_identify(eq2_ros/src) by extensions ['colcon_pkg']
[0.416s] Level 1:colcon.colcon_core.package_identification:_identify(eq2_ros/src) by extension 'colcon_pkg'
[0.416s] Level 1:colcon.colcon_core.package_identification:_identify(eq2_ros/src) by extensions ['colcon_meta']
[0.416s] Level 1:colcon.colcon_core.package_identification:_identify(eq2_ros/src) by extension 'colcon_meta'
[0.416s] Level 1:colcon.colcon_core.package_identification:_identify(eq2_ros/src) by extensions ['ros']
[0.416s] Level 1:colcon.colcon_core.package_identification:_identify(eq2_ros/src) by extension 'ros'
[0.416s] Level 1:colcon.colcon_core.package_identification:_identify(eq2_ros/src) by extensions ['cmake', 'python']
[0.416s] Level 1:colcon.colcon_core.package_identification:_identify(eq2_ros/src) by extension 'cmake'
[0.416s] Level 1:colcon.colcon_core.package_identification:_identify(eq2_ros/src) by extension 'python'
[0.416s] Level 1:colcon.colcon_core.package_identification:_identify(eq2_ros/src) by extensions ['python_setup_py']
[0.416s] Level 1:colcon.colcon_core.package_identification:_identify(eq2_ros/src) by extension 'python_setup_py'
[0.416s] Level 1:colcon.colcon_core.package_identification:_identify(eq2_ros/src/eq2_ros) by extensions ['ignore', 'ignore_ament_install']
[0.416s] Level 1:colcon.colcon_core.package_identification:_identify(eq2_ros/src/eq2_ros) by extension 'ignore'
[0.416s] Level 1:colcon.colcon_core.package_identification:_identify(eq2_ros/src/eq2_ros) by extension 'ignore_ament_install'
[0.416s] Level 1:colcon.colcon_core.package_identification:_identify(eq2_ros/src/eq2_ros) by extensions ['colcon_pkg']
[0.416s] Level 1:colcon.colcon_core.package_identification:_identify(eq2_ros/src/eq2_ros) by extension 'colcon_pkg'
[0.416s] Level 1:colcon.colcon_core.package_identification:_identify(eq2_ros/src/eq2_ros) by extensions ['colcon_meta']
[0.416s] Level 1:colcon.colcon_core.package_identification:_identify(eq2_ros/src/eq2_ros) by extension 'colcon_meta'
[0.416s] Level 1:colcon.colcon_core.package_identification:_identify(eq2_ros/src/eq2_ros) by extensions ['ros']
[0.416s] Level 1:colcon.colcon_core.package_identification:_identify(eq2_ros/src/eq2_ros) by extension 'ros'
[0.416s] Level 1:colcon.colcon_core.package_identification:_identify(eq2_ros/src/eq2_ros) by extensions ['cmake', 'python']
[0.416s] Level 1:colcon.colcon_core.package_identification:_identify(eq2_ros/src/eq2_ros) by extension 'cmake'
[0.416s] Level 1:colcon.colcon_core.package_identification:_identify(eq2_ros/src/eq2_ros) by extension 'python'
[0.416s] Level 1:colcon.colcon_core.package_identification:_identify(eq2_ros/src/eq2_ros) by extensions ['python_setup_py']
[0.416s] Level 1:colcon.colcon_core.package_identification:_identify(eq2_ros/src/eq2_ros) by extension 'python_setup_py'
[0.416s] Level 1:colcon.colcon_core.package_identification:_identify(eq2_ros/src/eq2_ros/__pycache__) by extensions ['ignore', 'ignore_ament_install']
[0.416s] Level 1:colcon.colcon_core.package_identification:_identify(eq2_ros/src/eq2_ros/__pycache__) by extension 'ignore'
[0.416s] Level 1:colcon.colcon_core.package_identification:_identify(eq2_ros/src/eq2_ros/__pycache__) by extension 'ignore_ament_install'
[0.417s] Level 1:colcon.colcon_core.package_identification:_identify(eq2_ros/src/eq2_ros/__pycache__) by extensions ['colcon_pkg']
[0.417s] Level 1:colcon.colcon_core.package_identification:_identify(eq2_ros/src/eq2_ros/__pycache__) by extension 'colcon_pkg'
[0.417s] Level 1:colcon.colcon_core.package_identification:_identify(eq2_ros/src/eq2_ros/__pycache__) by extensions ['colcon_meta']
[0.417s] Level 1:colcon.colcon_core.package_identification:_identify(eq2_ros/src/eq2_ros/__pycache__) by extension 'colcon_meta'
[0.417s] Level 1:colcon.colcon_core.package_identification:_identify(eq2_ros/src/eq2_ros/__pycache__) by extensions ['ros']
[0.417s] Level 1:colcon.colcon_core.package_identification:_identify(eq2_ros/src/eq2_ros/__pycache__) by extension 'ros'
[0.417s] Level 1:colcon.colcon_core.package_identification:_identify(eq2_ros/src/eq2_ros/__pycache__) by extensions ['cmake', 'python']
[0.417s] Level 1:colcon.colcon_core.package_identification:_identify(eq2_ros/src/eq2_ros/__pycache__) by extension 'cmake'
[0.417s] Level 1:colcon.colcon_core.package_identification:_identify(eq2_ros/src/eq2_ros/__pycache__) by extension 'python'
[0.417s] Level 1:colcon.colcon_core.package_identification:_identify(eq2_ros/src/eq2_ros/__pycache__) by extensions ['python_setup_py']
[0.417s] Level 1:colcon.colcon_core.package_identification:_identify(eq2_ros/src/eq2_ros/__pycache__) by extension 'python_setup_py'
[0.417s] Level 1:colcon.colcon_core.package_identification:_identify(eq2_ros/src/eq2_ros/files) by extensions ['ignore', 'ignore_ament_install']
[0.417s] Level 1:colcon.colcon_core.package_identification:_identify(eq2_ros/src/eq2_ros/files) by extension 'ignore'
[0.417s] Level 1:colcon.colcon_core.package_identification:_identify(eq2_ros/src/eq2_ros/files) by extension 'ignore_ament_install'
[0.417s] Level 1:colcon.colcon_core.package_identification:_identify(eq2_ros/src/eq2_ros/files) by extensions ['colcon_pkg']
[0.417s] Level 1:colcon.colcon_core.package_identification:_identify(eq2_ros/src/eq2_ros/files) by extension 'colcon_pkg'
[0.417s] Level 1:colcon.colcon_core.package_identification:_identify(eq2_ros/src/eq2_ros/files) by extensions ['colcon_meta']
[0.417s] Level 1:colcon.colcon_core.package_identification:_identify(eq2_ros/src/eq2_ros/files) by extension 'colcon_meta'
[0.417s] Level 1:colcon.colcon_core.package_identification:_identify(eq2_ros/src/eq2_ros/files) by extensions ['ros']
[0.417s] Level 1:colcon.colcon_core.package_identification:_identify(eq2_ros/src/eq2_ros/files) by extension 'ros'
[0.417s] Level 1:colcon.colcon_core.package_identification:_identify(eq2_ros/src/eq2_ros/files) by extensions ['cmake', 'python']
[0.417s] Level 1:colcon.colcon_core.package_identification:_identify(eq2_ros/src/eq2_ros/files) by extension 'cmake'
[0.417s] Level 1:colcon.colcon_core.package_identification:_identify(eq2_ros/src/eq2_ros/files) by extension 'python'
[0.417s] Level 1:colcon.colcon_core.package_identification:_identify(eq2_ros/src/eq2_ros/files) by extensions ['python_setup_py']
[0.417s] Level 1:colcon.colcon_core.package_identification:_identify(eq2_ros/src/eq2_ros/files) by extension 'python_setup_py'
[0.417s] Level 1:colcon.colcon_core.package_identification:_identify(eq2_ros/tests) by extensions ['ignore', 'ignore_ament_install']
[0.417s] Level 1:colcon.colcon_core.package_identification:_identify(eq2_ros/tests) by extension 'ignore'
[0.417s] Level 1:colcon.colcon_core.package_identification:_identify(eq2_ros/tests) by extension 'ignore_ament_install'
[0.417s] Level 1:colcon.colcon_core.package_identification:_identify(eq2_ros/tests) by extensions ['colcon_pkg']
[0.417s] Level 1:colcon.colcon_core.package_identification:_identify(eq2_ros/tests) by extension 'colcon_pkg'
[0.417s] Level 1:colcon.colcon_core.package_identification:_identify(eq2_ros/tests) by extensions ['colcon_meta']
[0.417s] Level 1:colcon.colcon_core.package_identification:_identify(eq2_ros/tests) by extension 'colcon_meta'
[0.417s] Level 1:colcon.colcon_core.package_identification:_identify(eq2_ros/tests) by extensions ['ros']
[0.417s] Level 1:colcon.colcon_core.package_identification:_identify(eq2_ros/tests) by extension 'ros'
[0.417s] Level 1:colcon.colcon_core.package_identification:_identify(eq2_ros/tests) by extensions ['cmake', 'python']
[0.417s] Level 1:colcon.colcon_core.package_identification:_identify(eq2_ros/tests) by extension 'cmake'
[0.417s] Level 1:colcon.colcon_core.package_identification:_identify(eq2_ros/tests) by extension 'python'
[0.417s] Level 1:colcon.colcon_core.package_identification:_identify(eq2_ros/tests) by extensions ['python_setup_py']
[0.417s] Level 1:colcon.colcon_core.package_identification:_identify(eq2_ros/tests) by extension 'python_setup_py'
[0.418s] Level 1:colcon.colcon_core.package_identification:_identify(eq2_ros/tests/__pycache__) by extensions ['ignore', 'ignore_ament_install']
[0.418s] Level 1:colcon.colcon_core.package_identification:_identify(eq2_ros/tests/__pycache__) by extension 'ignore'
[0.418s] Level 1:colcon.colcon_core.package_identification:_identify(eq2_ros/tests/__pycache__) by extension 'ignore_ament_install'
[0.418s] Level 1:colcon.colcon_core.package_identification:_identify(eq2_ros/tests/__pycache__) by extensions ['colcon_pkg']
[0.418s] Level 1:colcon.colcon_core.package_identification:_identify(eq2_ros/tests/__pycache__) by extension 'colcon_pkg'
[0.418s] Level 1:colcon.colcon_core.package_identification:_identify(eq2_ros/tests/__pycache__) by extensions ['colcon_meta']
[0.418s] Level 1:colcon.colcon_core.package_identification:_identify(eq2_ros/tests/__pycache__) by extension 'colcon_meta'
[0.418s] Level 1:colcon.colcon_core.package_identification:_identify(eq2_ros/tests/__pycache__) by extensions ['ros']
[0.418s] Level 1:colcon.colcon_core.package_identification:_identify(eq2_ros/tests/__pycache__) by extension 'ros'
[0.418s] Level 1:colcon.colcon_core.package_identification:_identify(eq2_ros/tests/__pycache__) by extensions ['cmake', 'python']
[0.418s] Level 1:colcon.colcon_core.package_identification:_identify(eq2_ros/tests/__pycache__) by extension 'cmake'
[0.418s] Level 1:colcon.colcon_core.package_identification:_identify(eq2_ros/tests/__pycache__) by extension 'python'
[0.418s] Level 1:colcon.colcon_core.package_identification:_identify(eq2_ros/tests/__pycache__) by extensions ['python_setup_py']
[0.418s] Level 1:colcon.colcon_core.package_identification:_identify(eq2_ros/tests/__pycache__) by extension 'python_setup_py'
[0.418s] Level 1:colcon.colcon_core.package_identification:_identify(fs1) by extensions ['ignore', 'ignore_ament_install']
[0.418s] Level 1:colcon.colcon_core.package_identification:_identify(fs1) by extension 'ignore'
[0.418s] Level 1:colcon.colcon_core.package_identification:_identify(fs1) by extension 'ignore_ament_install'
[0.418s] Level 1:colcon.colcon_core.package_identification:_identify(fs1) by extensions ['colcon_pkg']
[0.418s] Level 1:colcon.colcon_core.package_identification:_identify(fs1) by extension 'colcon_pkg'
[0.418s] Level 1:colcon.colcon_core.package_identification:_identify(fs1) by extensions ['colcon_meta']
[0.418s] Level 1:colcon.colcon_core.package_identification:_identify(fs1) by extension 'colcon_meta'
[0.418s] Level 1:colcon.colcon_core.package_identification:_identify(fs1) by extensions ['ros']
[0.418s] Level 1:colcon.colcon_core.package_identification:_identify(fs1) by extension 'ros'
[0.420s] DEBUG:colcon.colcon_core.package_identification:Package 'fs1' with type 'ros.ament_python' and name 'fs1'
[0.421s] Level 1:colcon.colcon_core.package_identification:_identify(install) by extensions ['ignore', 'ignore_ament_install']
[0.421s] Level 1:colcon.colcon_core.package_identification:_identify(install) by extension 'ignore'
[0.421s] Level 1:colcon.colcon_core.package_identification:_identify(install) ignored
[0.421s] Level 1:colcon.colcon_core.package_identification:_identify(log) by extensions ['ignore', 'ignore_ament_install']
[0.421s] Level 1:colcon.colcon_core.package_identification:_identify(log) by extension 'ignore'
[0.421s] Level 1:colcon.colcon_core.package_identification:_identify(log) ignored
[0.421s] Level 1:colcon.colcon_core.package_discovery:discover_packages(recursive) using defaults
[0.421s] Level 1:colcon.colcon_core.package_discovery:discover_packages(ignore) discover
[0.421s] Level 1:colcon.colcon_core.package_discovery:discover_packages(ignore) using defaults
[0.421s] Level 1:colcon.colcon_core.package_discovery:discover_packages(path) discover
[0.421s] Level 1:colcon.colcon_core.package_discovery:discover_packages(path) using defaults
[0.437s] Level 5:colcon.colcon_core.verb:set package 'fs1' build argument 'cmake_args' from command line to 'None'
[0.437s] Level 5:colcon.colcon_core.verb:set package 'fs1' build argument 'cmake_target' from command line to 'None'
[0.437s] Level 5:colcon.colcon_core.verb:set package 'fs1' build argument 'cmake_target_skip_unavailable' from command line to 'False'
[0.437s] Level 5:colcon.colcon_core.verb:set package 'fs1' build argument 'cmake_clean_cache' from command line to 'False'
[0.437s] Level 5:colcon.colcon_core.verb:set package 'fs1' build argument 'cmake_clean_first' from command line to 'False'
[0.437s] Level 5:colcon.colcon_core.verb:set package 'fs1' build argument 'cmake_force_configure' from command line to 'False'
[0.437s] Level 5:colcon.colcon_core.verb:set package 'fs1' build argument 'ament_cmake_args' from command line to 'None'
[0.437s] Level 5:colcon.colcon_core.verb:set package 'fs1' build argument 'catkin_cmake_args' from command line to 'None'
[0.437s] Level 5:colcon.colcon_core.verb:set package 'fs1' build argument 'catkin_skip_building_tests' from command line to 'False'
[0.437s] DEBUG:colcon.colcon_core.verb:Building package 'fs1' with the following arguments: {'ament_cmake_args': None, 'build_base': '/app/project_ws/src/eq2_ros/build/fs1', 'catkin_cmake_args': None, 'catkin_skip_building_tests': False, 'cmake_args': None, 'cmake_clean_cache': False, 'cmake_clean_first': False, 'cmake_force_configure': False, 'cmake_target': None, 'cmake_target_skip_unavailable': False, 'install_base': '/app/project_ws/src/eq2_ros/install/fs1', 'merge_install': False, 'path': '/app/project_ws/src/eq2_ros/fs1', 'symlink_install': False, 'test_result_base': None}
[0.437s] INFO:colcon.colcon_core.executor:Executing jobs using 'parallel' executor
[0.438s] DEBUG:colcon.colcon_parallel_executor.executor.parallel:run_until_complete
[0.439s] INFO:colcon.colcon_ros.task.ament_python.build:Building ROS package in '/app/project_ws/src/eq2_ros/fs1' with build type 'ament_python'
[0.439s] Level 1:colcon.colcon_core.shell:create_environment_hook('fs1', 'ament_prefix_path')
[0.442s] INFO:colcon.colcon_core.plugin_system:Skipping extension 'colcon_core.shell.bat': Not used on non-Windows systems
[0.442s] INFO:colcon.colcon_core.shell:Creating environment hook '/app/project_ws/src/eq2_ros/install/fs1/share/fs1/hook/ament_prefix_path.ps1'
[0.442s] INFO:colcon.colcon_core.shell:Creating environment descriptor '/app/project_ws/src/eq2_ros/install/fs1/share/fs1/hook/ament_prefix_path.dsv'
[0.443s] INFO:colcon.colcon_core.shell:Creating environment hook '/app/project_ws/src/eq2_ros/install/fs1/share/fs1/hook/ament_prefix_path.sh'
[0.443s] INFO:colcon.colcon_core.shell:Skip shell extension 'powershell' for command environment: Not usable outside of PowerShell
[0.443s] DEBUG:colcon.colcon_core.shell:Skip shell extension 'dsv' for command environment
[0.850s] INFO:colcon.colcon_core.task.python.build:Building Python package in '/app/project_ws/src/eq2_ros/fs1'
[0.851s] INFO:colcon.colcon_core.shell:Skip shell extension 'powershell' for command environment: Not usable outside of PowerShell
[0.851s] DEBUG:colcon.colcon_core.shell:Skip shell extension 'dsv' for command environment
[1.598s] DEBUG:colcon.colcon_core.task.python.build:Available setuptools commands: build_clib, install, install_headers, bdist_rpm, develop, check, test, bdist_dumb, bdist_wheel, sdist, upload_docs, install_egg_info, alias, rotate, extract_messages, build_scripts, egg_info, dist_info, build_py, install_data, clean, setopt, init_catalog, upload, install_lib, easy_install, install_scripts, update_catalog, build_ext, register, build, bdist_egg, compile_catalog, bdist, saveopts, symlink_data
[1.602s] DEBUG:colcon.colcon_core.event_handler.log_command:Invoking command in '/app/project_ws/src/eq2_ros/fs1': PYTHONPATH=/app/project_ws/src/eq2_ros/build/fs1/prefix_override:/usr/lib/python3/dist-packages/colcon_core/task/python/colcon_distutils_commands:/app/project_ws/src/eq2_ros/install/fs1/lib/python3.10/site-packages:${PYTHONPATH} /usr/bin/python3 -W ignore:setup.py install is deprecated -W ignore:easy_install command is deprecated setup.py egg_info --egg-base ../build/fs1 build --build-base /app/project_ws/src/eq2_ros/build/fs1/build install --record /app/project_ws/src/eq2_ros/build/fs1/install.log --install-scripts $base/lib/fs1 --single-version-externally-managed install_data
[2.084s] DEBUG:colcon.colcon_core.event_handler.log_command:Invoked command in '/app/project_ws/src/eq2_ros/fs1' returned '0': PYTHONPATH=/app/project_ws/src/eq2_ros/build/fs1/prefix_override:/usr/lib/python3/dist-packages/colcon_core/task/python/colcon_distutils_commands:/app/project_ws/src/eq2_ros/install/fs1/lib/python3.10/site-packages:${PYTHONPATH} /usr/bin/python3 -W ignore:setup.py install is deprecated -W ignore:easy_install command is deprecated setup.py egg_info --egg-base ../build/fs1 build --build-base /app/project_ws/src/eq2_ros/build/fs1/build install --record /app/project_ws/src/eq2_ros/build/fs1/install.log --install-scripts $base/lib/fs1 --single-version-externally-managed install_data
[2.097s] Level 1:colcon.colcon_core.environment:checking '/app/project_ws/src/eq2_ros/install/fs1' for CMake module files
[2.097s] Level 1:colcon.colcon_core.environment:checking '/app/project_ws/src/eq2_ros/install/fs1' for CMake config files
[2.099s] Level 1:colcon.colcon_core.environment:checking '/app/project_ws/src/eq2_ros/install/fs1/lib'
[2.099s] Level 1:colcon.colcon_core.environment:checking '/app/project_ws/src/eq2_ros/install/fs1/bin'
[2.099s] Level 1:colcon.colcon_core.environment:checking '/app/project_ws/src/eq2_ros/install/fs1/lib/pkgconfig/fs1.pc'
[2.100s] Level 1:colcon.colcon_core.environment:checking '/app/project_ws/src/eq2_ros/install/fs1/lib/python3.10/site-packages'
[2.101s] Level 1:colcon.colcon_core.shell:create_environment_hook('fs1', 'pythonpath')
[2.102s] INFO:colcon.colcon_core.shell:Creating environment hook '/app/project_ws/src/eq2_ros/install/fs1/share/fs1/hook/pythonpath.ps1'
[2.105s] INFO:colcon.colcon_core.shell:Creating environment descriptor '/app/project_ws/src/eq2_ros/install/fs1/share/fs1/hook/pythonpath.dsv'
[2.106s] INFO:colcon.colcon_core.shell:Creating environment hook '/app/project_ws/src/eq2_ros/install/fs1/share/fs1/hook/pythonpath.sh'
[2.107s] Level 1:colcon.colcon_core.environment:checking '/app/project_ws/src/eq2_ros/install/fs1/bin'
[2.107s] Level 1:colcon.colcon_core.environment:create_environment_scripts_only(fs1)
[2.108s] INFO:colcon.colcon_core.shell:Creating package script '/app/project_ws/src/eq2_ros/install/fs1/share/fs1/package.ps1'
[2.110s] INFO:colcon.colcon_core.shell:Creating package descriptor '/app/project_ws/src/eq2_ros/install/fs1/share/fs1/package.dsv'
[2.111s] INFO:colcon.colcon_core.shell:Creating package script '/app/project_ws/src/eq2_ros/install/fs1/share/fs1/package.sh'
[2.113s] INFO:colcon.colcon_core.shell:Creating package script '/app/project_ws/src/eq2_ros/install/fs1/share/fs1/package.bash'
[2.114s] INFO:colcon.colcon_core.shell:Creating package script '/app/project_ws/src/eq2_ros/install/fs1/share/fs1/package.zsh'
[2.116s] Level 1:colcon.colcon_core.environment:create_file_with_runtime_dependencies(/app/project_ws/src/eq2_ros/install/fs1/share/colcon-core/packages/fs1)
[2.119s] DEBUG:colcon.colcon_parallel_executor.executor.parallel:closing loop
[2.120s] DEBUG:colcon.colcon_parallel_executor.executor.parallel:loop closed
[2.121s] DEBUG:colcon.colcon_parallel_executor.executor.parallel:run_until_complete finished with '0'
[2.121s] DEBUG:colcon.colcon_core.event_reactor:joining thread
[2.134s] INFO:colcon.colcon_core.plugin_system:Skipping extension 'colcon_notification.desktop_notification.notify_send': Could not find 'notify-send'
[2.134s] INFO:colcon.colcon_core.plugin_system:Skipping extension 'colcon_notification.desktop_notification.terminal_notifier': Not used on non-Darwin systems
[2.134s] INFO:colcon.colcon_core.plugin_system:Skipping extension 'colcon_notification.desktop_notification.win32': Not used on non-Windows systems
[2.134s] INFO:colcon.colcon_notification.desktop_notification:Sending desktop notification using 'notify2'
[2.140s] DEBUG:colcon.colcon_notification.desktop_notification.notify2:Failed to initialize notify2: org.freedesktop.DBus.Error.Spawn.ExecFailed: /usr/bin/dbus-launch terminated abnormally without any error message
[2.140s] DEBUG:colcon.colcon_core.event_reactor:joined thread
[2.141s] INFO:colcon.colcon_core.shell:Creating prefix script '/app/project_ws/src/eq2_ros/install/local_setup.ps1'
[2.142s] INFO:colcon.colcon_core.shell:Creating prefix util module '/app/project_ws/src/eq2_ros/install/_local_setup_util_ps1.py'
[2.144s] INFO:colcon.colcon_core.shell:Creating prefix chain script '/app/project_ws/src/eq2_ros/install/setup.ps1'
[2.152s] INFO:colcon.colcon_core.shell:Creating prefix script '/app/project_ws/src/eq2_ros/install/local_setup.sh'
[2.156s] INFO:colcon.colcon_core.shell:Creating prefix util module '/app/project_ws/src/eq2_ros/install/_local_setup_util_sh.py'
[2.157s] INFO:colcon.colcon_core.shell:Creating prefix chain script '/app/project_ws/src/eq2_ros/install/setup.sh'
[2.165s] INFO:colcon.colcon_core.shell:Creating prefix script '/app/project_ws/src/eq2_ros/install/local_setup.bash'
[2.167s] INFO:colcon.colcon_core.shell:Creating prefix chain script '/app/project_ws/src/eq2_ros/install/setup.bash'
[2.175s] INFO:colcon.colcon_core.shell:Creating prefix script '/app/project_ws/src/eq2_ros/install/local_setup.zsh'
[2.177s] INFO:colcon.colcon_core.shell:Creating prefix chain script '/app/project_ws/src/eq2_ros/install/setup.zsh'
