running egg_info
creating ../build/fs1/fs1.egg-info
writing ../build/fs1/fs1.egg-info/PKG-INFO
writing dependency_links to ../build/fs1/fs1.egg-info/dependency_links.txt
writing entry points to ../build/fs1/fs1.egg-info/entry_points.txt
writing requirements to ../build/fs1/fs1.egg-info/requires.txt
writing top-level names to ../build/fs1/fs1.egg-info/top_level.txt
writing manifest file '../build/fs1/fs1.egg-info/SOURCES.txt'
reading manifest file '../build/fs1/fs1.egg-info/SOURCES.txt'
writing manifest file '../build/fs1/fs1.egg-info/SOURCES.txt'
running build
running build_py
creating /app/project_ws/src/eq2_ros/build/fs1/build
creating /app/project_ws/src/eq2_ros/build/fs1/build/lib
creating /app/project_ws/src/eq2_ros/build/fs1/build/lib/fs1
copying fs1/my_node.py -> /app/project_ws/src/eq2_ros/build/fs1/build/lib/fs1
copying fs1/marker.py -> /app/project_ws/src/eq2_ros/build/fs1/build/lib/fs1
copying fs1/servo_adapter.py -> /app/project_ws/src/eq2_ros/build/fs1/build/lib/fs1
copying fs1/joints_control.py -> /app/project_ws/src/eq2_ros/build/fs1/build/lib/fs1
copying fs1/__init__.py -> /app/project_ws/src/eq2_ros/build/fs1/build/lib/fs1
copying fs1/keyboard_teleop.py -> /app/project_ws/src/eq2_ros/build/fs1/build/lib/fs1
copying fs1/kinova_api.py -> /app/project_ws/src/eq2_ros/build/fs1/build/lib/fs1
copying fs1/gripper_control.py -> /app/project_ws/src/eq2_ros/build/fs1/build/lib/fs1
copying fs1/detector.py -> /app/project_ws/src/eq2_ros/build/fs1/build/lib/fs1
copying fs1/gripper_client.py -> /app/project_ws/src/eq2_ros/build/fs1/build/lib/fs1
running install
running install_lib
creating /app/project_ws/src/eq2_ros/install/fs1/lib/python3.10/site-packages/fs1
copying /app/project_ws/src/eq2_ros/build/fs1/build/lib/fs1/my_node.py -> /app/project_ws/src/eq2_ros/install/fs1/lib/python3.10/site-packages/fs1
copying /app/project_ws/src/eq2_ros/build/fs1/build/lib/fs1/marker.py -> /app/project_ws/src/eq2_ros/install/fs1/lib/python3.10/site-packages/fs1
copying /app/project_ws/src/eq2_ros/build/fs1/build/lib/fs1/servo_adapter.py -> /app/project_ws/src/eq2_ros/install/fs1/lib/python3.10/site-packages/fs1
copying /app/project_ws/src/eq2_ros/build/fs1/build/lib/fs1/joints_control.py -> /app/project_ws/src/eq2_ros/install/fs1/lib/python3.10/site-packages/fs1
copying /app/project_ws/src/eq2_ros/build/fs1/build/lib/fs1/__init__.py -> /app/project_ws/src/eq2_ros/install/fs1/lib/python3.10/site-packages/fs1
copying /app/project_ws/src/eq2_ros/build/fs1/build/lib/fs1/keyboard_teleop.py -> /app/project_ws/src/eq2_ros/install/fs1/lib/python3.10/site-packages/fs1
copying /app/project_ws/src/eq2_ros/build/fs1/build/lib/fs1/kinova_api.py -> /app/project_ws/src/eq2_ros/install/fs1/lib/python3.10/site-packages/fs1
copying /app/project_ws/src/eq2_ros/build/fs1/build/lib/fs1/gripper_control.py -> /app/project_ws/src/eq2_ros/install/fs1/lib/python3.10/site-packages/fs1
copying /app/project_ws/src/eq2_ros/build/fs1/build/lib/fs1/detector.py -> /app/project_ws/src/eq2_ros/install/fs1/lib/python3.10/site-packages/fs1
copying /app/project_ws/src/eq2_ros/build/fs1/build/lib/fs1/gripper_client.py -> /app/project_ws/src/eq2_ros/install/fs1/lib/python3.10/site-packages/fs1
byte-compiling /app/project_ws/src/eq2_ros/install/fs1/lib/python3.10/site-packages/fs1/my_node.py to my_node.cpython-310.pyc
byte-compiling /app/project_ws/src/eq2_ros/install/fs1/lib/python3.10/site-packages/fs1/marker.py to marker.cpython-310.pyc
byte-compiling /app/project_ws/src/eq2_ros/install/fs1/lib/python3.10/site-packages/fs1/servo_adapter.py to servo_adapter.cpython-310.pyc
byte-compiling /app/project_ws/src/eq2_ros/install/fs1/lib/python3.10/site-packages/fs1/joints_control.py to joints_control.cpython-310.pyc
byte-compiling /app/project_ws/src/eq2_ros/install/fs1/lib/python3.10/site-packages/fs1/__init__.py to __init__.cpython-310.pyc
byte-compiling /app/project_ws/src/eq2_ros/install/fs1/lib/python3.10/site-packages/fs1/keyboard_teleop.py to keyboard_teleop.cpython-310.pyc
byte-compiling /app/project_ws/src/eq2_ros/install/fs1/lib/python3.10/site-packages/fs1/kinova_api.py to kinova_api.cpython-310.pyc
byte-compiling /app/project_ws/src/eq2_ros/install/fs1/lib/python3.10/site-packages/fs1/gripper_control.py to gripper_control.cpython-310.pyc
byte-compiling /app/project_ws/src/eq2_ros/install/fs1/lib/python3.10/site-packages/fs1/detector.py to detector.cpython-310.pyc
byte-compiling /app/project_ws/src/eq2_ros/install/fs1/lib/python3.10/site-packages/fs1/gripper_client.py to gripper_client.cpython-310.pyc
running install_data
creating /app/project_ws/src/eq2_ros/install/fs1/share/ament_index
creating /app/project_ws/src/eq2_ros/install/fs1/share/ament_index/resource_index
creating /app/project_ws/src/eq2_ros/install/fs1/share/ament_index/resource_index/packages
copying resource/fs1 -> /app/project_ws/src/eq2_ros/install/fs1/share/ament_index/resource_index/packages
copying package.xml -> /app/project_ws/src/eq2_ros/install/fs1/share/fs1
creating /app/project_ws/src/eq2_ros/install/fs1/share/fs1/launch
running install_egg_info
Copying ../build/fs1/fs1.egg-info to /app/project_ws/src/eq2_ros/install/fs1/lib/python3.10/site-packages/fs1-0.0.0-py3.10.egg-info
running install_scripts
Installing gripper_client script to /app/project_ws/src/eq2_ros/install/fs1/lib/fs1
Installing gripper_control script to /app/project_ws/src/eq2_ros/install/fs1/lib/fs1
Installing joints_control script to /app/project_ws/src/eq2_ros/install/fs1/lib/fs1
Installing kinova_api script to /app/project_ws/src/eq2_ros/install/fs1/lib/fs1
Installing my_node script to /app/project_ws/src/eq2_ros/install/fs1/lib/fs1
writing list of installed files to '/app/project_ws/src/eq2_ros/build/fs1/install.log'
