/app/project_ws/src/eq2_ros/install/fs1/lib/python3.10/site-packages/fs1/hand_node.py
/app/project_ws/src/eq2_ros/install/fs1/lib/python3.10/site-packages/fs1/my_node.py
/app/project_ws/src/eq2_ros/install/fs1/lib/python3.10/site-packages/fs1/servo_adapter.py
/app/project_ws/src/eq2_ros/install/fs1/lib/python3.10/site-packages/fs1/__init__.py
/app/project_ws/src/eq2_ros/install/fs1/lib/python3.10/site-packages/fs1/kinova_api.py
/app/project_ws/src/eq2_ros/install/fs1/lib/python3.10/site-packages/fs1/keyboard_teleop.py
/app/project_ws/src/eq2_ros/install/fs1/lib/python3.10/site-packages/fs1/detector.py
/app/project_ws/src/eq2_ros/install/fs1/lib/python3.10/site-packages/fs1/test_node.py
/app/project_ws/src/eq2_ros/install/fs1/lib/python3.10/site-packages/fs1/supervisor.py
/app/project_ws/src/eq2_ros/install/fs1/lib/python3.10/site-packages/fs1/marker.py
/app/project_ws/src/eq2_ros/install/fs1/lib/python3.10/site-packages/fs1/cam_teleop.py
/app/project_ws/src/eq2_ros/install/fs1/lib/python3.10/site-packages/fs1/gripper_client.py
/app/project_ws/src/eq2_ros/install/fs1/lib/python3.10/site-packages/fs1/gripper_control.py
/app/project_ws/src/eq2_ros/install/fs1/lib/python3.10/site-packages/fs1/joints_control.py
/app/project_ws/src/eq2_ros/install/fs1/lib/python3.10/site-packages/fs1/__pycache__/hand_node.cpython-310.pyc
/app/project_ws/src/eq2_ros/install/fs1/lib/python3.10/site-packages/fs1/__pycache__/my_node.cpython-310.pyc
/app/project_ws/src/eq2_ros/install/fs1/lib/python3.10/site-packages/fs1/__pycache__/servo_adapter.cpython-310.pyc
/app/project_ws/src/eq2_ros/install/fs1/lib/python3.10/site-packages/fs1/__pycache__/__init__.cpython-310.pyc
/app/project_ws/src/eq2_ros/install/fs1/lib/python3.10/site-packages/fs1/__pycache__/kinova_api.cpython-310.pyc
/app/project_ws/src/eq2_ros/install/fs1/lib/python3.10/site-packages/fs1/__pycache__/keyboard_teleop.cpython-310.pyc
/app/project_ws/src/eq2_ros/install/fs1/lib/python3.10/site-packages/fs1/__pycache__/detector.cpython-310.pyc
/app/project_ws/src/eq2_ros/install/fs1/lib/python3.10/site-packages/fs1/__pycache__/test_node.cpython-310.pyc
/app/project_ws/src/eq2_ros/install/fs1/lib/python3.10/site-packages/fs1/__pycache__/supervisor.cpython-310.pyc
/app/project_ws/src/eq2_ros/install/fs1/lib/python3.10/site-packages/fs1/__pycache__/marker.cpython-310.pyc
/app/project_ws/src/eq2_ros/install/fs1/lib/python3.10/site-packages/fs1/__pycache__/cam_teleop.cpython-310.pyc
/app/project_ws/src/eq2_ros/install/fs1/lib/python3.10/site-packages/fs1/__pycache__/gripper_client.cpython-310.pyc
/app/project_ws/src/eq2_ros/install/fs1/lib/python3.10/site-packages/fs1/__pycache__/gripper_control.cpython-310.pyc
/app/project_ws/src/eq2_ros/install/fs1/lib/python3.10/site-packages/fs1/__pycache__/joints_control.cpython-310.pyc
/app/project_ws/src/eq2_ros/install/fs1/share/ament_index/resource_index/packages/fs1
/app/project_ws/src/eq2_ros/install/fs1/share/fs1/package.xml
/app/project_ws/src/eq2_ros/install/fs1/share/fs1/launch/start.launch.py
/app/project_ws/src/eq2_ros/install/fs1/share/fs1/launch/servo.launch.py
/app/project_ws/src/eq2_ros/install/fs1/share/fs1/launch/frontend.launch.py
/app/project_ws/src/eq2_ros/install/fs1/share/fs1/launch/keyboard_example.launch.py
/app/project_ws/src/eq2_ros/install/fs1/lib/python3.10/site-packages/fs1-0.0.0-py3.10.egg-info/entry_points.txt
/app/project_ws/src/eq2_ros/install/fs1/lib/python3.10/site-packages/fs1-0.0.0-py3.10.egg-info/dependency_links.txt
/app/project_ws/src/eq2_ros/install/fs1/lib/python3.10/site-packages/fs1-0.0.0-py3.10.egg-info/requires.txt
/app/project_ws/src/eq2_ros/install/fs1/lib/python3.10/site-packages/fs1-0.0.0-py3.10.egg-info/top_level.txt
/app/project_ws/src/eq2_ros/install/fs1/lib/python3.10/site-packages/fs1-0.0.0-py3.10.egg-info/SOURCES.txt
/app/project_ws/src/eq2_ros/install/fs1/lib/python3.10/site-packages/fs1-0.0.0-py3.10.egg-info/PKG-INFO
/app/project_ws/src/eq2_ros/install/fs1/lib/python3.10/site-packages/fs1-0.0.0-py3.10.egg-info/zip-safe
/app/project_ws/src/eq2_ros/install/fs1/lib/fs1/gripper_client
/app/project_ws/src/eq2_ros/install/fs1/lib/fs1/gripper_control
/app/project_ws/src/eq2_ros/install/fs1/lib/fs1/hand_node
/app/project_ws/src/eq2_ros/install/fs1/lib/fs1/joints_control
/app/project_ws/src/eq2_ros/install/fs1/lib/fs1/keyboard_teleop
/app/project_ws/src/eq2_ros/install/fs1/lib/fs1/kinova_api
/app/project_ws/src/eq2_ros/install/fs1/lib/fs1/my_node
/app/project_ws/src/eq2_ros/install/fs1/lib/fs1/servo_adapter
/app/project_ws/src/eq2_ros/install/fs1/lib/fs1/supervisor
/app/project_ws/src/eq2_ros/install/fs1/lib/fs1/test_node
