running egg_info
writing ../build/fs1/fs1.egg-info/PKG-INFO
writing dependency_links to ../build/fs1/fs1.egg-info/dependency_links.txt
writing entry points to ../build/fs1/fs1.egg-info/entry_points.txt
writing requirements to ../build/fs1/fs1.egg-info/requires.txt
writing top-level names to ../build/fs1/fs1.egg-info/top_level.txt
reading manifest file '../build/fs1/fs1.egg-info/SOURCES.txt'
writing manifest file '../build/fs1/fs1.egg-info/SOURCES.txt'
running build
running build_py
copying fs1/my_node.py -> /app/project_ws/src/eq2_ros/build/fs1/build/lib/fs1
running install
running install_lib
copying /app/project_ws/src/eq2_ros/build/fs1/build/lib/fs1/my_node.py -> /app/project_ws/src/eq2_ros/install/fs1/lib/python3.10/site-packages/fs1
byte-compiling /app/project_ws/src/eq2_ros/install/fs1/lib/python3.10/site-packages/fs1/my_node.py to my_node.cpython-310.pyc
running install_data
running install_egg_info
removing '/app/project_ws/src/eq2_ros/install/fs1/lib/python3.10/site-packages/fs1-0.0.0-py3.10.egg-info' (and everything under it)
Copying ../build/fs1/fs1.egg-info to /app/project_ws/src/eq2_ros/install/fs1/lib/python3.10/site-packages/fs1-0.0.0-py3.10.egg-info
running install_scripts
Installing gripper_client script to /app/project_ws/src/eq2_ros/install/fs1/lib/fs1
Installing gripper_control script to /app/project_ws/src/eq2_ros/install/fs1/lib/fs1
Installing joints_control script to /app/project_ws/src/eq2_ros/install/fs1/lib/fs1
Installing kinova_api script to /app/project_ws/src/eq2_ros/install/fs1/lib/fs1
Installing my_node script to /app/project_ws/src/eq2_ros/install/fs1/lib/fs1
writing list of installed files to '/app/project_ws/src/eq2_ros/build/fs1/install.log'
